node 0 {
  kind: ValueExpr
  tokens: [3..4]
  data: {
    literal: '1'
  }
}
node 1 {
  kind: ValueExpr
  tokens: [5..6]
  data: {
    literal: '2'
  }
}
node 2 {
  kind: ValueExpr
  tokens: [3..6]
  data: {
    op: '*'
    lhs: 0
    rhs: 1
  }
}
node 3 {
  kind: ValueExpr
  tokens: [7..8]
  data: {
    literal: '3'
  }
}
node 4 {
  kind: ValueExpr
  tokens: [3..8]
  data: {
    op: '+'
    lhs: 2
    rhs: 3
  }
}
node 5 {
  kind: VarDecl
  tokens: [0..9]
  data: {
    specifier: Var
    name: 'a'
    assign_expr: 4
  }
}
