Token { kind: Keyword, loc: SourceLocation { line: 1, start: 0, end: 5 } }
Token { kind: Identifier, loc: SourceLocation { line: 1, start: 6, end: 7 } }
Token { kind: Symbol, loc: SourceLocation { line: 1, start: 7, end: 8 } }
Token { kind: Keyword, loc: SourceLocation { line: 1, start: 9, end: 12 } }
Token { kind: Symbol, loc: SourceLocation { line: 1, start: 13, end: 14 } }
Token { kind: NumberLiteral, loc: SourceLocation { line: 1, start: 15, end: 18 } }
Token { kind: Keyword, loc: SourceLocation { line: 1, start: 19, end: 24 } }
Token { kind: Identifier, loc: SourceLocation { line: 1, start: 25, end: 26 } }
Token { kind: Symbol, loc: SourceLocation { line: 1, start: 26, end: 27 } }
Token { kind: Keyword, loc: SourceLocation { line: 1, start: 28, end: 31 } }
Token { kind: Symbol, loc: SourceLocation { line: 1, start: 32, end: 33 } }
Token { kind: NumberLiteral, loc: SourceLocation { line: 1, start: 34, end: 41 } }
Token { kind: Keyword, loc: SourceLocation { line: 1, start: 42, end: 47 } }
Token { kind: Identifier, loc: SourceLocation { line: 1, start: 48, end: 49 } }
Token { kind: Symbol, loc: SourceLocation { line: 1, start: 49, end: 50 } }
Token { kind: Keyword, loc: SourceLocation { line: 1, start: 51, end: 54 } }
Token { kind: Symbol, loc: SourceLocation { line: 1, start: 55, end: 56 } }
Token { kind: StringLiteral, loc: SourceLocation { line: 1, start: 57, end: 62 } }
Token { kind: Keyword, loc: SourceLocation { line: 1, start: 63, end: 68 } }
Token { kind: Identifier, loc: SourceLocation { line: 1, start: 69, end: 71 } }
Token { kind: Symbol, loc: SourceLocation { line: 1, start: 71, end: 72 } }
Token { kind: Keyword, loc: SourceLocation { line: 1, start: 73, end: 76 } }
Token { kind: Symbol, loc: SourceLocation { line: 1, start: 77, end: 78 } }
Token { kind: StringLiteral, loc: SourceLocation { line: 1, start: 79, end: 81 } }
Token { kind: Keyword, loc: SourceLocation { line: 1, start: 82, end: 87 } }
Token { kind: Identifier, loc: SourceLocation { line: 1, start: 88, end: 89 } }
Token { kind: Symbol, loc: SourceLocation { line: 1, start: 89, end: 90 } }
Token { kind: Keyword, loc: SourceLocation { line: 1, start: 91, end: 95 } }
Token { kind: Symbol, loc: SourceLocation { line: 1, start: 96, end: 97 } }
Token { kind: CharLiteral, loc: SourceLocation { line: 1, start: 98, end: 101 } }
Token { kind: Keyword, loc: SourceLocation { line: 1, start: 102, end: 107 } }
Token { kind: Identifier, loc: SourceLocation { line: 1, start: 108, end: 110 } }
Token { kind: Symbol, loc: SourceLocation { line: 1, start: 110, end: 111 } }
Token { kind: Keyword, loc: SourceLocation { line: 1, start: 112, end: 116 } }
Token { kind: Symbol, loc: SourceLocation { line: 1, start: 117, end: 118 } }
Token { kind: CharLiteral, loc: SourceLocation { line: 1, start: 119, end: 121 } }